n/img130.jpg
n/img129.jpg
n/img127.jpg
n/img126.jpg
n/img122.jpg
n/img120.jpg
n/img119.jpg
n/img115.jpg
n/img114.jpg
n/img113.jpg
n/img112.jpg
n/img108.jpg
n/img106.jpg
n/img105.jpg
n/img104.jpg
n/img103.jpg
n/img102.jpg
n/img101.jpg
n/img100.jpg
n/img99.jpg
n/img98.jpg
n/img96.jpg
n/img95.jpg
n/img94.jpg
n/img93.jpg
n/img90.jpg
n/img89.jpg
n/img88.jpg
n/img87.jpg
n/img86.jpg
n/img85.jpg
n/img84.jpg
n/img82.jpg
n/img81.jpg
n/img79.jpg
n/img78.jpg
n/img77.jpg
n/img76.jpg
n/img75.jpg
n/img72.jpg
n/img71.jpg
n/img70.jpg
n/img69.jpg
n/img67.jpg
n/img66.jpg
n/img64.jpg
n/img61.jpg
n/img55.jpg
n/img53.jpg
n/img52.jpg
n/img51.jpg
n/img50.jpg
n/img48.jpg
n/img47.jpg
n/img46.jpg
n/img45.jpg
n/img43.jpg
n/img42.jpg
n/img41.jpg
n/img40.jpg
n/img39.jpg
n/img36.jpg
n/img34.jpg
n/img31.jpg
n/img29.jpg
n/img28.jpg
n/img26.jpg
n/img25.jpg
n/img24.jpg
n/img23.jpg
n/img22.jpg
n/img21.jpg
n/img19.jpg
n/img18.jpg
n/img17.jpg
n/img16.jpg
n/img15.jpg
n/img14.jpg
n/img12.jpg
n/img11.jpg
n/img10.jpg
n/img8.jpg
n/img7.jpg
n/img6.jpg
n/img5.jpg
n/img4.jpg
n/img2.jpg
n/img1.jpg